<html>
<body>
<pre>
<h1>µVision Build Log</h1>
<h2>Project:</h2>
C:\Users\fkiek\OneDrive\Dokumenty\AGH MTM\Semestr 2\Podstawy_Programowania_Systemow_Wbudowanych\Kiek_TEST\Current\Kiek.uvproj
Project File Date:  05/28/2024

<h2>Output:</h2>
compiling servo.c...
servo.c(22): warning:  #174-D: expression has no effect
servo.c(22): error: At end of source:  #65: expected a ";"
servo.c(22): error: At end of source:  #67: expected a "}"
"servo.c" - 2 Errors, 1 Warning(s).
compiling servo.c...
servo.c(22): warning:  #174-D: expression has no effect
servo.c(22): error: At end of source:  #65: expected a ";"
servo.c(22): error: At end of source:  #67: expected a "}"
"servo.c" - 2 Errors, 1 Warning(s).
Build target 'Target 1'
compiling main.c...
compiling servo.c...
linking...
Program Size: Code=2404 RO-data=32 RW-data=8 ZI-data=1272  
FromELF: creating hex file...
".\Kiek.axf" - 0 Errors, 0 Warning(s).
Rebuild target 'Target 1'
assembling Startup.s...
compiling main.c...
main.c(9): error:  #101: "DetectorState" has already been declared in the current scope
main.c(9): error:  #101: "ACTIVE" has already been declared in the current scope
main.c(9): error:  #101: "INACTIVE" has already been declared in the current scope
main.c(10): error:  #101: "ServoState" has already been declared in the current scope
main.c(10): error:  #101: "CALLIB" has already been declared in the current scope
main.c(10): error:  #101: "IDLE" has already been declared in the current scope
main.c(10): error:  #101: "IN_PROGRESS" has already been declared in the current scope
main.c(11): error:  #101: "Servo" has already been declared in the current scope
main.c(22): error:  #147-D: declaration is incompatible with "enum DetectorState eReadDetector(void)" (declared at line 10 of "servo.h")
main.c(35): error:  #20: identifier "Automat" is undefined
compiling led.c...
compiling keyboard.c...
compiling timer.c...
compiling timer_interrupts.c...
".\Kiek.axf" - 10 Errors, 0 Warning(s).
Target not created
Rebuild target 'Target 1'
assembling Startup.s...
compiling main.c...
main.c(9): error:  #101: "DetectorState" has already been declared in the current scope
main.c(9): error:  #101: "ACTIVE" has already been declared in the current scope
main.c(9): error:  #101: "INACTIVE" has already been declared in the current scope
main.c(10): error:  #101: "ServoState" has already been declared in the current scope
main.c(10): error:  #101: "CALLIB" has already been declared in the current scope
main.c(10): error:  #101: "IDLE" has already been declared in the current scope
main.c(10): error:  #101: "IN_PROGRESS" has already been declared in the current scope
main.c(11): error:  #101: "Servo" has already been declared in the current scope
main.c(22): error:  #147-D: declaration is incompatible with "enum DetectorState eReadDetector(void)" (declared at line 10 of "servo.h")
main.c(35): error:  #20: identifier "Automat" is undefined
compiling led.c...
compiling keyboard.c...
compiling timer.c...
compiling timer_interrupts.c...
".\Kiek.axf" - 10 Errors, 0 Warning(s).
Target not created
Rebuild target 'Target 1'
assembling Startup.s...
compiling main.c...
main.c(9): error:  #101: "DetectorState" has already been declared in the current scope
main.c(9): error:  #101: "ACTIVE" has already been declared in the current scope
main.c(9): error:  #101: "INACTIVE" has already been declared in the current scope
main.c(10): error:  #101: "ServoState" has already been declared in the current scope
main.c(10): error:  #101: "CALLIB" has already been declared in the current scope
main.c(10): error:  #101: "IDLE" has already been declared in the current scope
main.c(10): error:  #101: "IN_PROGRESS" has already been declared in the current scope
main.c(11): error:  #101: "Servo" has already been declared in the current scope
main.c(22): error:  #147-D: declaration is incompatible with "enum DetectorState eReadDetector(void)" (declared at line 10 of "servo.h")
compiling led.c...
compiling keyboard.c...
compiling timer.c...
compiling timer_interrupts.c...
".\Kiek.axf" - 9 Errors, 0 Warning(s).
Target not created
Rebuild target 'Target 1'
assembling Startup.s...
compiling main.c...
compiling led.c...
compiling keyboard.c...
compiling timer.c...
compiling timer_interrupts.c...
linking...
Program Size: Code=2396 RO-data=32 RW-data=8 ZI-data=1272  
FromELF: creating hex file...
".\Kiek.axf" - 0 Errors, 0 Warning(s).
Rebuild target 'Target 1'
assembling Startup.s...
compiling main.c...
compiling led.c...
compiling keyboard.c...
compiling timer.c...
compiling timer_interrupts.c...
linking...
Program Size: Code=2396 RO-data=32 RW-data=8 ZI-data=1272  
FromELF: creating hex file...
".\Kiek.axf" - 0 Errors, 0 Warning(s).
Build target 'Target 1'
compiling main.c...
linking...
Program Size: Code=2396 RO-data=32 RW-data=8 ZI-data=1272  
FromELF: creating hex file...
".\Kiek.axf" - 0 Errors, 0 Warning(s).
Build target 'Target 1'
compiling main.c...
linking...
Program Size: Code=2396 RO-data=32 RW-data=8 ZI-data=1272  
FromELF: creating hex file...
".\Kiek.axf" - 0 Errors, 0 Warning(s).
Build target 'Target 1'
compiling main.c...
linking...
Program Size: Code=2392 RO-data=32 RW-data=8 ZI-data=1272  
FromELF: creating hex file...
".\Kiek.axf" - 0 Errors, 0 Warning(s).
Build target 'Target 1'
compiling main.c...
compiling servo.c...
linking...
Program Size: Code=2392 RO-data=32 RW-data=8 ZI-data=1272  
FromELF: creating hex file...
".\Kiek.axf" - 0 Errors, 0 Warning(s).
Build target 'Target 1'
compiling servo.c...
linking...
Program Size: Code=2392 RO-data=32 RW-data=8 ZI-data=1272  
FromELF: creating hex file...
".\Kiek.axf" - 0 Errors, 0 Warning(s).
Build target 'Target 1'
linking...
Program Size: Code=2392 RO-data=32 RW-data=8 ZI-data=1272  
FromELF: creating hex file...
".\Kiek.axf" - 0 Errors, 0 Warning(s).
