<html>
<body>
<pre>
<h1>µVision Build Log</h1>
<h2>Project:</h2>
C:\Users\fkiek\studia\ppsw\Current\Kiek.uvproj
Project File Date:  05/29/2024

<h2>Output:</h2>
Build target 'Target 1'
compiling main.c...
linking...
Program Size: Code=2392 RO-data=32 RW-data=8 ZI-data=1272  
FromELF: creating hex file...
".\Kiek.axf" - 0 Errors, 0 Warning(s).
Build target 'Target 1'
compiling main.c...
linking...
Program Size: Code=2392 RO-data=32 RW-data=8 ZI-data=1272  
FromELF: creating hex file...
".\Kiek.axf" - 0 Errors, 0 Warning(s).
Build target 'Target 1'
compiling main.c...
linking...
Program Size: Code=2392 RO-data=32 RW-data=8 ZI-data=1272  
FromELF: creating hex file...
".\Kiek.axf" - 0 Errors, 0 Warning(s).
Build target 'Target 1'
compiling main.c...
linking...
Program Size: Code=2392 RO-data=32 RW-data=8 ZI-data=1272  
FromELF: creating hex file...
".\Kiek.axf" - 0 Errors, 0 Warning(s).
Clean started: Project: 'Kiek'
   deleting intermediate output files for target 'Target 1'
Clean started: Project: 'Kiek'
   deleting intermediate output files for target 'Target 1'
